\BOOKMARK [1][-]{section.1}{\376\377\000U\000t\000i\000l\000i\000s\000a\000t\000e\000u\000r\000s\000,\000\040\000r\000\364\000l\000e\000s\000\040\000e\000t\000\040\000c\000i\000r\000c\000u\000i\000t\000\040\000d\000e\000\040\000v\000a\000l\000i\000d\000a\000t\000i\000o\000n}{}% 1
\BOOKMARK [2][-]{subsection.2}{\376\377\000A\000c\000t\000e\000u\000r\000s\000\040\000e\000t\000\040\000r\000\364\000l\000e\000s\000\040\000d\000u\000\040\000s\000y\000s\000t\000\350\000m\000e}{section.1}% 2
\BOOKMARK [3][-]{subsubsection.3}{\376\377\000U\000t\000i\000l\000i\000s\000a\000t\000e\000u\000r\000\040\000\050\000a\000g\000e\000n\000t\000\051}{subsection.2}% 3
\BOOKMARK [3][-]{subsubsection.4}{\376\377\000S\000u\000p\000e\000r\000v\000i\000s\000e\000u\000r\000\040\000d\000e\000\040\000d\000i\000r\000e\000c\000t\000i\000o\000n}{subsection.2}% 4
\BOOKMARK [3][-]{subsubsection.5}{\376\377\000R\000e\000s\000p\000o\000n\000s\000a\000b\000l\000e\000\040\000d\000e\000\040\000d\000i\000r\000e\000c\000t\000i\000o\000n}{subsection.2}% 5
\BOOKMARK [3][-]{subsubsection.6}{\376\377\000O\000p\000\351\000r\000a\000t\000e\000u\000r\000\040\000t\000\351\000l\000\351\000c\000o\000m}{subsection.2}% 6
\BOOKMARK [3][-]{subsubsection.7}{\376\377\000A\000d\000m\000i\000n\000i\000s\000t\000r\000a\000t\000e\000u\000r\000\040\000s\000y\000s\000t\000\350\000m\000e}{subsection.2}% 7
\BOOKMARK [3][-]{subsubsection.8}{\376\377\000L\000o\000g\000i\000q\000u\000e\000\040\000d\000'\000e\000n\000s\000e\000m\000b\000l\000e\000\040\000d\000u\000\040\000c\000i\000r\000c\000u\000i\000t}{subsection.2}% 8
\BOOKMARK [2][-]{subsection.9}{\376\377\000C\000y\000c\000l\000e\000\040\000d\000e\000\040\000v\000i\000e\000\040\000d\000'\000u\000n\000e\000\040\000d\000e\000m\000a\000n\000d\000e}{section.1}% 9
\BOOKMARK [2][-]{subsection.18}{\376\377\000N\000o\000t\000i\000f\000i\000c\000a\000t\000i\000o\000n\000s}{section.1}% 10
\BOOKMARK [2][-]{subsection.19}{\376\377\000H\000i\000s\000t\000o\000r\000i\000q\000u\000e\000\040\000e\000t\000\040\000j\000u\000s\000t\000i\000f\000i\000c\000a\000t\000i\000o\000n\000\040\000d\000e\000s\000\040\000d\000e\000m\000a\000n\000d\000e\000s}{section.1}% 11
\BOOKMARK [2][-]{subsection.20}{\376\377\000C\000o\000m\000m\000u\000n\000i\000c\000a\000t\000i\000o\000n\000\040\000e\000x\000t\000e\000r\000n\000e\000\040\000\050\000o\000p\000\351\000r\000a\000t\000e\000u\000r\000\040\000t\000\351\000l\000\351\000c\000o\000m\000\051}{section.1}% 12
\BOOKMARK [1][-]{section.21}{\376\377\000A\000r\000c\000h\000i\000t\000e\000c\000t\000u\000r\000e\000\040\000t\000e\000c\000h\000n\000i\000q\000u\000e}{}% 13
\BOOKMARK [2][-]{subsection.22}{\376\377\000V\000u\000e\000\040\000d\000'\000e\000n\000s\000e\000m\000b\000l\000e}{section.21}% 14
\BOOKMARK [2][-]{subsection.24}{\376\377\000C\000o\000m\000p\000o\000s\000a\000n\000t\000s}{section.21}% 15
\BOOKMARK [3][-]{subsubsection.25}{\376\377\000A\000P\000I\000\040\000G\000a\000t\000e\000w\000a\000y}{subsection.24}% 16
\BOOKMARK [3][-]{subsubsection.26}{\376\377\000a\000u\000t\000h\000-\000s\000e\000r\000v\000i\000c\000e}{subsection.24}% 17
\BOOKMARK [3][-]{subsubsection.33}{\376\377\000f\000l\000e\000e\000t\000-\000s\000e\000r\000v\000i\000c\000e}{subsection.24}% 18
\BOOKMARK [3][-]{subsubsection.42}{\376\377\000n\000o\000t\000i\000f\000i\000c\000a\000t\000i\000o\000n\000-\000s\000e\000r\000v\000i\000c\000e}{subsection.24}% 19
\BOOKMARK [3][-]{subsubsection.43}{\376\377\000S\000t\000a\000c\000k\000\040\000t\000e\000c\000h\000n\000i\000q\000u\000e}{subsection.24}% 20
\BOOKMARK [3][-]{subsubsection.53}{\376\377\000T\000a\000b\000l\000e\000\040\000d\000e\000\040\000r\000o\000u\000t\000a\000g\000e\000\040\000\050\000A\000P\000I\000\040\000G\000a\000t\000e\000w\000a\000y\000\051}{subsection.24}% 21
\BOOKMARK [3][-]{subsubsection.57}{\376\377\000T\000a\000b\000l\000e\000\040\000d\000e\000s\000\040\000e\000n\000d\000p\000o\000i\000n\000t\000s\000\040\000p\000a\000r\000\040\000s\000e\000r\000v\000i\000c\000e}{subsection.24}% 22
